#
# There is insufficient memory for the Java Runtime Environment to continue.
# Native memory allocation (mmap) failed to map 132120576 bytes. Error detail: G1 virtual space
# Possible reasons:
#   The system is out of physical RAM or swap space
#   This process is running with CompressedOops enabled, and the Java Heap may be blocking the growth of the native heap
# Possible solutions:
#   Reduce memory load on the system
#   Increase physical memory or swap space
#   Check if swap backing store is full
#   Decrease Java heap size (-Xmx/-Xms)
#   Decrease number of Java threads
#   Decrease Java thread stack sizes (-Xss)
#   Set larger code cache with -XX:ReservedCodeCacheSize=
#   JVM is running with Unscaled Compressed Oops mode in which the Java heap is
#     placed in the first 4GB address space. The Java Heap base address is the
#     maximum limit for the native heap growth. Please use -XX:HeapBaseMinAddress
#     to set the Java Heap base and to place the Java Heap above 4GB virtual address.
# This output file may be truncated or incomplete.
#
#  Out of Memory Error (os_windows.cpp:3828), pid=5792, tid=14792
#
# JRE version:  (21.0.5+8) (build )
# Java VM: OpenJDK 64-Bit Server VM (21.0.5+8-b631.30, mixed mode, sharing, tiered, compressed oops, compressed class ptrs, g1 gc, windows-amd64)
# No core dump will be written. Minidumps are not enabled by default on client versions of Windows
#

---------------  S U M M A R Y ------------

Command Line: -Djava.io.tmpdir=C:\Users\david\AppData\Local\JetBrains\DataGrip2024.3\tmp\statistics-uploader com.intellij.internal.statistic.uploader.EventLogUploader --ide-token C:\Users\david\AppData\Local\JetBrains\DataGrip2024.3\token --recorders FUS;MP;IJ_MAP;ML --device-fus 020125184bff3c6-4404-4e33-8404-0995fd04509b --bucket-fus 67 --machine-fus 8e291a33fd2976c2bc67015424419907b044c256c09326127137e0c3935371ce --id-revision-fus 0 --files-fus C:\Users\david\AppData\Local\JetBrains\DataGrip2024.3\event-log-data\logs\FUS\98c4-4309-9ee8-c6e5602fbfad-243.23654.19-release.log --escape-fus false --device-mp 0201251a6d40ca0-7e52-425d-b28a-d43b637647c2 --bucket-mp 88 --machine-mp d17420c8b58ad736944061af9a316d7e7c8632a42298a7756e66b910d1d08316 --id-revision-mp 0 --files-mp C:\Users\david\AppData\Local\JetBrains\DataGrip2024.3\event-log-data\logs\MP\825e-4131-899b-cda90d72ed85-243.23654.19-release.log --escape-mp false --device-ij_map 020125184bff3c6-4404-4e33-8404-0995fd04509b --bucket-ij_map 67 --machine-ij_map 8e291a33fd2976c2bc67015424419907b044c256c09326127137e0c3935371ce --id-revision-ij_map 0 --files-ij_map C:\Users\david\AppData\Local\JetBrains\DataGrip2024.3\event-log-data\logs\IJ_MAP\55bc-4467-bff2-bf7eeb301908-243.23654.19-release.log;C:\Users\david\AppData\Local\JetBrains\DataGrip2024.3\event-log-data\logs\IJ_MAP\aa31-4345-aeab-8c67a2db5200-243.23654.19-release.log;C:\Users\david\AppData\Local\JetBrains\DataGrip2024.3\event-log-data\logs\IJ_MAP\c383-4cac-aa70-33a343666c33-243.23654.19-release.log;C:\Users\david\AppData\Local\JetBrains\DataGrip2024.3\event-log-data\logs\IJ_MAP\fd44-45d4-943b-a0970c3a5dcd-243.23654.19-release.log --escape-ij_map false --device-ml 020125184bff3c6-4404-4e33-8404-0995fd04509b --bucket-ml 67 --machine-ml 8e291a33fd2976c2bc67015424419907b044c256c09326127137e0c3935371ce --id-revision-ml 0 --files-ml C:\Users\david\AppData\Local\JetBrains\DataGrip2024.3\event-log-data\logs\ML\59de-4af6-94bf-a333285b8e4e-243.23654.19-release.log --escape-ml false --url https://resources.jetbrains.com/storage/fus/config/v4/%s/%s.json --product DB --product-version 2024.3.3 --baseline-version 243 --user-agent DataGrip/243.23654.19 --extra-headers 

Host: Intel(R) Core(TM) i3-10110U CPU @ 2.10GHz, 4 cores, 7G,  Windows 11 , 64 bit Build 22621 (10.0.22621.4391)
Time: Fri Jan 10 19:20:44 2025 GTB, ors 11 , 64 bit Build 22621 (10.0.22621.4391) elapsed time: 0.018328 seconds (0d 0h 0m 0s)

---------------  T H R E A D  ---------------

Current thread (0x0000026364fff800):  JavaThread "Unknown thread" [_thread_in_vm, id=14792, stack(0x000000bf1a200000,0x000000bf1a300000) (1024K)]

Stack: [0x000000bf1a200000,0x000000bf1a300000]
Native frames: (J=compiled Java code, j=interpreted, Vv=VM code, C=native code)
V  [jvm.dll+0x6e52b9]
V  [jvm.dll+0x8c3633]
V  [jvm.dll+0x8c5b8e]
V  [jvm.dll+0x8c6273]
V  [jvm.dll+0x288f46]
V  [jvm.dll+0x6e1a35]
V  [jvm.dll+0x6d5e3a]
V  [jvm.dll+0x3634bb]
V  [jvm.dll+0x36b086]
V  [jvm.dll+0x3bd346]
V  [jvm.dll+0x3bd618]
V  [jvm.dll+0x335c2c]
V  [jvm.dll+0x33691b]
V  [jvm.dll+0x88aa89]
V  [jvm.dll+0x3ca518]
V  [jvm.dll+0x873b98]
V  [jvm.dll+0x45eede]
V  [jvm.dll+0x460bc1]
C  [jli.dll+0x52ab]
C  [ucrtbase.dll+0x29333]
C  [KERNEL32.DLL+0x1259d]
C  [ntdll.dll+0x5af38]


---------------  P R O C E S S  ---------------

Threads class SMR info:
_java_thread_list=0x00007ffc2f4fa148, length=0, elements={
}

Java Threads: ( => current thread )
Total: 0

Other Threads:
  0x0000026365057300 WorkerThread "GC Thread#0"                     [id=15272, stack(0x000000bf1a300000,0x000000bf1a400000) (1024K)]
  0x00000263650693a0 ConcurrentGCThread "G1 Main Marker"            [id=17092, stack(0x000000bf1a400000,0x000000bf1a500000) (1024K)]
  0x000002636506a590 WorkerThread "G1 Conc#0"                       [id=6488, stack(0x000000bf1a500000,0x000000bf1a600000) (1024K)]

[error occurred during error reporting (printing all threads), id 0xc0000005, EXCEPTION_ACCESS_VIOLATION (0xc0000005) at pc=0x00007ffc2ebe8ce7]
VM state: not at safepoint (not fully initialized)

VM Mutex/Monitor currently owned by a thread:  ([mutex/lock_event])
[0x00007ffc2f56eb30] Heap_lock - owner thread: 0x0000026364fff800

Heap address: 0x0000000082800000, size: 2008 MB, Compressed Oops mode: 32-bit

CDS archive(s) mapped at: [0x0000000000000000-0x0000000000000000-0x0000000000000000), size 0, SharedBaseAddress: 0x0000000800000000, ArchiveRelocationMode: 1.
Narrow klass base: 0x0000000000000000, Narrow klass shift: 0, Narrow klass range: 0x0

GC Precious Log:
 CardTable entry size: 512
 Card Set container configuration: InlinePtr #cards 5 size 8 Array Of Cards #cards 12 size 40 Howl #buckets 4 coarsen threshold 1843 Howl Bitmap #cards 512 size 80 coarsen threshold 460 Card regions per heap region 1 cards per card region 2048

Heap:
 garbage-first heap   total 0K, used 0K [0x0000000082800000, 0x0000000100000000)
  region size 1024K, 0 young (0K), 0 survivors (0K)
 Metaspace       used 0K, committed 0K, reserved 0K
  class space    used 0K, committed 0K, reserved 0K

Heap Regions: E=young(eden), S=young(survivor), O=old, HS=humongous(starts), HC=humongous(continues), CS=collection set, F=free, TAMS=top-at-mark-start, PB=parsable bottom

Card table byte_map: [0x0000026378380000,0x0000026378770000] _byte_map_base: 0x0000026377f6c000

Marking Bits: (CMBitMap*) 0x00000263650577a0
 Bits: [0x0000026378770000, 0x000002637a6d0000)

GC Heap History (0 events):
No events

Dll operation events (1 events):
Event: 0.009 Loaded shared library C:\Program Files\JetBrains\DataGrip 2024.3.3\jbr\bin\java.dll

Deoptimization events (0 events):
No events

Classes loaded (0 events):
No events

Classes unloaded (0 events):
No events

Classes redefined (0 events):
No events

Internal exceptions (0 events):
No events

ZGC Phase Switch (0 events):
No events

VM Operations (0 events):
No events

Memory protections (0 events):
No events

Nmethod flushes (0 events):
No events

Events (0 events):
No events


Dynamic libraries:
0x00007ff6bfd20000 - 0x00007ff6bfd2a000 	C:\Program Files\JetBrains\DataGrip 2024.3.3\jbr\bin\java.exe
0x00007ffcb6130000 - 0x00007ffcb6347000 	C:\Windows\SYSTEM32\ntdll.dll
0x00007ffcb51c0000 - 0x00007ffcb5284000 	C:\Windows\System32\KERNEL32.DLL
0x00007ffcb3930000 - 0x00007ffcb3cea000 	C:\Windows\System32\KERNELBASE.dll
0x00007ffcb34e0000 - 0x00007ffcb35f1000 	C:\Windows\System32\ucrtbase.dll
0x00007ffca70d0000 - 0x00007ffca70eb000 	C:\Program Files\JetBrains\DataGrip 2024.3.3\jbr\bin\VCRUNTIME140.dll
0x00007ffc9a0d0000 - 0x00007ffc9a0e8000 	C:\Program Files\JetBrains\DataGrip 2024.3.3\jbr\bin\jli.dll
0x00007ffcb5400000 - 0x00007ffcb55ae000 	C:\Windows\System32\USER32.dll
0x00007ffcb3400000 - 0x00007ffcb3426000 	C:\Windows\System32\win32u.dll
0x00007ffc9cdf0000 - 0x00007ffc9d082000 	C:\Windows\WinSxS\amd64_microsoft.windows.common-controls_6595b64144ccf1df_6.0.22621.4541_none_2710d1c57384c085\COMCTL32.dll
0x00007ffcb5940000 - 0x00007ffcb59e7000 	C:\Windows\System32\msvcrt.dll
0x00007ffcb60c0000 - 0x00007ffcb60e9000 	C:\Windows\System32\GDI32.dll
0x00007ffcb3810000 - 0x00007ffcb392b000 	C:\Windows\System32\gdi32full.dll
0x00007ffcb3770000 - 0x00007ffcb380a000 	C:\Windows\System32\msvcp_win.dll
0x00007ffcb55b0000 - 0x00007ffcb55e1000 	C:\Windows\System32\IMM32.DLL
0x00007ffcaf2e0000 - 0x00007ffcaf2ec000 	C:\Program Files\JetBrains\DataGrip 2024.3.3\jbr\bin\vcruntime140_1.dll
0x00007ffc40c60000 - 0x00007ffc40ced000 	C:\Program Files\JetBrains\DataGrip 2024.3.3\jbr\bin\msvcp140.dll
0x00007ffc2e8a0000 - 0x00007ffc2f661000 	C:\Program Files\JetBrains\DataGrip 2024.3.3\jbr\bin\server\jvm.dll
0x00007ffcb5a80000 - 0x00007ffcb5b32000 	C:\Windows\System32\ADVAPI32.dll
0x00007ffcb5670000 - 0x00007ffcb5717000 	C:\Windows\System32\sechost.dll
0x00007ffcb3430000 - 0x00007ffcb3458000 	C:\Windows\System32\bcrypt.dll
0x00007ffcb5720000 - 0x00007ffcb5834000 	C:\Windows\System32\RPCRT4.dll
0x00007ffcb46b0000 - 0x00007ffcb4721000 	C:\Windows\System32\WS2_32.dll
0x00007ffcb32d0000 - 0x00007ffcb331d000 	C:\Windows\SYSTEM32\POWRPROF.dll
0x00007ffcac020000 - 0x00007ffcac054000 	C:\Windows\SYSTEM32\WINMM.dll
0x00007ffca4610000 - 0x00007ffca461a000 	C:\Windows\SYSTEM32\VERSION.dll
0x00007ffcb32b0000 - 0x00007ffcb32c3000 	C:\Windows\SYSTEM32\UMPDC.dll
0x00007ffcb2440000 - 0x00007ffcb2458000 	C:\Windows\SYSTEM32\kernel.appcore.dll
0x00007ffcad260000 - 0x00007ffcad26a000 	C:\Program Files\JetBrains\DataGrip 2024.3.3\jbr\bin\jimage.dll
0x00007ffca6d90000 - 0x00007ffca6fc2000 	C:\Windows\SYSTEM32\DBGHELP.DLL
0x00007ffcb4750000 - 0x00007ffcb4adf000 	C:\Windows\System32\combase.dll
0x00007ffcb4ae0000 - 0x00007ffcb4bb7000 	C:\Windows\System32\OLEAUT32.dll
0x00007ffc89970000 - 0x00007ffc899a2000 	C:\Windows\SYSTEM32\dbgcore.DLL
0x00007ffcb3cf0000 - 0x00007ffcb3d6b000 	C:\Windows\System32\bcryptPrimitives.dll
0x00007ffca4670000 - 0x00007ffca4690000 	C:\Program Files\JetBrains\DataGrip 2024.3.3\jbr\bin\java.dll

dbghelp: loaded successfully - version: 4.0.5 - missing functions: none
symbol engine: initialized successfully - sym options: 0x614 - pdb path: .;C:\Program Files\JetBrains\DataGrip 2024.3.3\jbr\bin;C:\Windows\SYSTEM32;C:\Windows\WinSxS\amd64_microsoft.windows.common-controls_6595b64144ccf1df_6.0.22621.4541_none_2710d1c57384c085;C:\Program Files\JetBrains\DataGrip 2024.3.3\jbr\bin\server

VM Arguments:
jvm_args: -Djava.io.tmpdir=C:\Users\david\AppData\Local\JetBrains\DataGrip2024.3\tmp\statistics-uploader 
java_command: com.intellij.internal.statistic.uploader.EventLogUploader --ide-token C:\Users\david\AppData\Local\JetBrains\DataGrip2024.3\token --recorders FUS;MP;IJ_MAP;ML --device-fus 020125184bff3c6-4404-4e33-8404-0995fd04509b --bucket-fus 67 --machine-fus 8e291a33fd2976c2bc67015424419907b044c256c09326127137e0c3935371ce --id-revision-fus 0 --files-fus C:\Users\david\AppData\Local\JetBrains\DataGrip2024.3\event-log-data\logs\FUS\98c4-4309-9ee8-c6e5602fbfad-243.23654.19-release.log --escape-fus false --device-mp 0201251a6d40ca0-7e52-425d-b28a-d43b637647c2 --bucket-mp 88 --machine-mp d17420c8b58ad736944061af9a316d7e7c8632a42298a7756e66b910d1d08316 --id-revision-mp 0 --files-mp C:\Users\david\AppData\Local\JetBrains\DataGrip2024.3\event-log-data\logs\MP\825e-4131-899b-cda90d72ed85-243.23654.19-release.log --escape-mp false --device-ij_map 020125184bff3c6-4404-4e33-8404-0995fd04509b --bucket-ij_map 67 --machine-ij_map 8e291a33fd2976c2bc67015424419907b044c256c09326127137e0c3935371ce --id-revision-ij_map 0 --files-ij_map C:\Users\david\AppData\Local\JetBrains\DataGrip2024.3\event-log-data\logs\IJ_MAP\55bc-4467-bff2-bf7eeb301908-243.23654.19-release.log;C:\Users\david\AppData\Local\JetBrains\DataGrip2024.3\event-log-data\logs\IJ_MAP\aa31-4345-aeab-8c67a2db5200-243.23654.19-release.log;C:\Users\david\AppData\Local\JetBrains\DataGrip2024.3\event-log-data\logs\IJ_MAP\c383-4cac-aa70-33a343666c33-243.23654.19-release.log;C:\Users\david\AppData\Local\JetBrains\DataGrip2024.3\event-log-data\logs\IJ_MAP\fd44-45d4-943b-a0970c3a5dcd-243.23654.19-release.log --escape-ij_map false --device-ml 020125184bff3c6-4404-4e33-8404-0995fd04509b --bucket-ml 67 --machine-ml 8e291a33fd2976c2bc67015424419907b044c256c09326127137e0c3935371ce --id-revision-ml 0 --files-ml C:\Users\david\AppData\Local\JetBrains\DataGrip2024.3\event-log-data\logs\ML\59de-4af6-94bf-a333285b8e4e-243.23654.19-release.log --escape-ml false --url https://resources.jetbrains.com/storage/fus/config/v4/%s/%s.json --product
java_class_path (initial): C:\Program Files\JetBrains\DataGrip 2024.3.3\lib\util-8.jar;C:\Program Files\JetBrains\DataGrip 2024.3.3\lib\annotations.jar;C:\Program Files\JetBrains\DataGrip 2024.3.3\lib\lib.jar;C:\Program Files\JetBrains\DataGrip 2024.3.3\lib\stats.jar
Launcher Type: SUN_STANDARD

[Global flags]
     intx CICompilerCount                          = 3                                         {product} {ergonomic}
     uint ConcGCThreads                            = 1                                         {product} {ergonomic}
     uint G1ConcRefinementThreads                  = 4                                         {product} {ergonomic}
   size_t G1HeapRegionSize                         = 1048576                                   {product} {ergonomic}
    uintx GCDrainStackTargetSize                   = 64                                        {product} {ergonomic}
   size_t InitialHeapSize                          = 132120576                                 {product} {ergonomic}
   size_t MarkStackSize                            = 4194304                                   {product} {ergonomic}
   size_t MaxHeapSize                              = 2105540608                                {product} {ergonomic}
   size_t MinHeapDeltaBytes                        = 1048576                                   {product} {ergonomic}
   size_t MinHeapSize                              = 8388608                                   {product} {ergonomic}
    uintx NonNMethodCodeHeapSize                   = 5832780                                {pd product} {ergonomic}
    uintx NonProfiledCodeHeapSize                  = 122912730                              {pd product} {ergonomic}
    uintx ProfiledCodeHeapSize                     = 122912730                              {pd product} {ergonomic}
    uintx ReservedCodeCacheSize                    = 251658240                              {pd product} {ergonomic}
     bool SegmentedCodeCache                       = true                                      {product} {ergonomic}
   size_t SoftMaxHeapSize                          = 2105540608                             {manageable} {ergonomic}
     bool UseCompressedOops                        = true                           {product lp64_product} {ergonomic}
     bool UseG1GC                                  = true                                      {product} {ergonomic}
     bool UseLargePagesIndividualAllocation        = false                                  {pd product} {ergonomic}

Logging:
Log output configuration:
 #0: stdout all=warning uptime,level,tags foldmultilines=false
 #1: stderr all=off uptime,level,tags foldmultilines=false

Environment Variables:
PATH=C:\app\david\product\21c\dbhomeXE\cfgtoollogs\oui\dbhomeXE\bin;C:\app\david\product\21c\dbhomeXE\bin;C:\Windows\system32;C:\Windows;C:\Windows\System32\Wbem;C:\Windows\System32\WindowsPowerShell\v1.0\;C:\Windows\System32\OpenSSH\;C:\app\david\product\21c\dbhomeXE\bin;D:\Downloads\XAMPP\php;C:\ProgramData\ComposerSetup\bin;C:\Program Files\Git\cmd;C:\Users\david\AppData\Local\Microsoft\WindowsApps;;C:\ghcup\bin;C:\Users\david\AppData\Local\Programs\Microsoft VS Code\bin;C:\Program Files\JetBrains\DataGrip 2024.3.3\bin;;C:\Users\david\AppData\Roaming\Composer\vendor\bin
USERNAME=david
OS=Windows_NT
PROCESSOR_IDENTIFIER=Intel64 Family 6 Model 142 Stepping 12, GenuineIntel
TMP=C:\Users\david\AppData\Local\Temp
TEMP=C:\Users\david\AppData\Local\Temp




Periodic native trim disabled

JNI global refs:
JNI global refs: 0, weak refs: 0

JNI global refs memory usage: 0, weak refs: 0

Process memory usage:
Resident Set Size: 11568K (0% of 8222332K total physical memory with 1790952K free physical memory)

OOME stack traces (most recent first):
Classloader memory used:

---------------  S Y S T E M  ---------------

OS:
 Windows 11 , 64 bit Build 22621 (10.0.22621.4391)
OS uptime: 0 days 9:30 hours

CPU: total 4 (initial active 4) (2 cores per cpu, 2 threads per core) family 6 model 142 stepping 12 microcode 0xde, cx8, cmov, fxsr, ht, mmx, 3dnowpref, sse, sse2, sse3, ssse3, sse4.1, sse4.2, popcnt, lzcnt, tsc, tscinvbit, avx, avx2, aes, erms, clmul, bmi1, bmi2, adx, fma, vzeroupper, clflush, clflushopt, rdtscp, f16c
Processor Information for all 4 processors :
  Max Mhz: 2501, Current Mhz: 2501, Mhz Limit: 2501

Memory: 4k page, system-wide physical 8029M (1748M free)
TotalPageFile size 8029M (AvailPageFile size 39M)
current process WorkingSet (physical memory assigned to process): 11M, peak: 11M
current process commit charge ("private bytes"): 52M, peak: 178M

vm_info: OpenJDK 64-Bit Server VM (21.0.5+8-b631.30) for windows-amd64 JRE (21.0.5+8-b631.30), built on 2024-12-06 by "builduser" with MS VC++ 16.10 / 16.11 (VS2019)

END.
